{"mode": "PAPER", "api": "PRODUCTION", "event": "bot_starting", "level": "info", "timestamp": "2026-04-02T23:00:18.914881Z"}
{"path": "./kalshi_bot.db", "event": "db_initialized", "level": "info", "timestamp": "2026-04-02T23:00:18.916016Z"}
{"value": 10.0, "event": "portfolio_balance_fetched", "level": "info", "timestamp": "2026-04-02T23:00:19.057758Z"}
{"event": "latency_arb_enabled", "level": "info", "timestamp": "2026-04-02T23:00:19.065077Z"}
{"count": 0, "msg": "Falling back to series prefix search", "event": "scanner_curated_thin", "level": "warning", "timestamp": "2026-04-02T23:00:19.094776Z"}
{"event": "latency_loop_starting", "level": "info", "timestamp": "2026-04-02T23:00:19.095249Z"}
{"product": "BTC-USD", "event": "coinbase_feed_starting", "level": "info", "timestamp": "2026-04-02T23:00:19.095285Z"}
{"event": "latency_waiting_for_binance_feed", "level": "info", "timestamp": "2026-04-02T23:00:19.095296Z"}
{"fetched": 0, "top_n": 0, "top_ticker": "none", "top_volume": 0, "event": "scanner_complete", "level": "info", "timestamp": "2026-04-02T23:00:19.175342Z"}
{"event": "news_driven_loop_enabled", "level": "info", "timestamp": "2026-04-02T23:00:19.175843Z"}
{"url": "wss://api.elections.kalshi.com/trade-api/ws/v2", "tickers": [], "event": "ws_connecting", "level": "info", "timestamp": "2026-04-02T23:00:19.229163Z"}
{"product": "BTC-USD", "event": "coinbase_feed_connected", "level": "info", "timestamp": "2026-04-02T23:00:19.255985Z"}
{"value": 10.0, "event": "portfolio_balance_fetched", "level": "info", "timestamp": "2026-04-02T23:00:19.297695Z"}
{"count": 0, "msg": "Falling back to series prefix search", "event": "scanner_curated_thin", "level": "warning", "timestamp": "2026-04-02T23:00:19.297751Z"}
{"fetched": 0, "top_n": 0, "top_ticker": "none", "top_volume": 0, "event": "scanner_complete", "level": "info", "timestamp": "2026-04-02T23:00:19.319442Z"}
{"event": "ws_connected", "level": "info", "timestamp": "2026-04-02T23:00:19.349691Z"}
{"detail": {"type": "error", "id": 1, "msg": {"code": 2, "msg": "Params required"}}, "event": "ws_server_error", "level": "error", "timestamp": "2026-04-02T23:00:19.373512Z"}
{"price": 66993.0, "event": "latency_binance_feed_ready", "level": "info", "timestamp": "2026-04-02T23:00:20.097376Z"}
{"event": "latency_tracker_started", "level": "info", "timestamp": "2026-04-02T23:00:20.100596Z"}
{"total": 50, "short_duration": 6, "event": "gap_detector_contracts_refreshed", "level": "info", "timestamp": "2026-04-02T23:00:20.135016Z"}
{"value": 10.0, "event": "portfolio_balance_fetched", "level": "info", "timestamp": "2026-04-02T23:01:19.462792Z"}
{"count": 0, "msg": "Falling back to series prefix search", "event": "scanner_curated_thin", "level": "warning", "timestamp": "2026-04-02T23:01:19.462959Z"}
{"fetched": 2, "top_n": 2, "top_ticker": "KXETHD-26APR0220-T2059.99", "top_volume": 5.0, "event": "scanner_complete", "level": "info", "timestamp": "2026-04-02T23:01:19.531504Z"}
{"ticker": "KXETHD-26APR0220-T2059.99", "event": "analyst_calling_claude", "level": "info", "timestamp": "2026-04-02T23:01:19.698094Z"}
{"ticker": "KXETHD-26APR0220-T2059.99", "prob": 0.25, "confidence": 0.3, "sensitivity": "low", "event": "analyst_result", "level": "info", "timestamp": "2026-04-02T23:01:23.582077Z"}
{"ticker": "KXETHD-26APR0220-T2059.99", "signal": "BUY_NO", "market_price": 0.395, "prob_yes": 0.25, "edge": -0.14500000000000002, "event": "decision_made", "level": "info", "timestamp": "2026-04-02T23:01:23.582346Z"}
{"signal": "BUY_NO", "edge": 0.145, "odds": 0.6529, "kelly": 0.2221, "size_usd": 1.0, "event": "sizing_computed", "level": "info", "timestamp": "2026-04-02T23:01:23.582488Z"}
{"ticker": "KXETHD-26APR0220-T2059.99", "reason": "edge -0.145 < min 0.050", "event": "risk_gate_rejected", "level": "info", "timestamp": "2026-04-02T23:01:23.582549Z"}
{"ticker": "KXSOLD-26APR0220-T78.9999", "event": "analyst_calling_claude", "level": "info", "timestamp": "2026-04-02T23:01:23.942623Z"}
{"ticker": "KXSOLD-26APR0220-T78.9999", "prob": 0.15, "confidence": 0.2, "sensitivity": "low", "event": "analyst_result", "level": "info", "timestamp": "2026-04-02T23:01:27.142041Z"}
{"ticker": "KXSOLD-26APR0220-T78.9999", "signal": "BUY_NO", "market_price": 0.445, "prob_yes": 0.15, "edge": -0.29500000000000004, "event": "decision_made", "level": "info", "timestamp": "2026-04-02T23:01:27.142200Z"}
{"signal": "BUY_NO", "edge": 0.295, "odds": 0.8018, "kelly": 0.3679, "size_usd": 1.0, "event": "sizing_computed", "level": "info", "timestamp": "2026-04-02T23:01:27.142310Z"}
{"ticker": "KXSOLD-26APR0220-T78.9999", "reason": "confidence 0.20 < min 0.25", "event": "risk_gate_rejected", "level": "info", "timestamp": "2026-04-02T23:01:27.142370Z"}
{"value": 10.0, "event": "portfolio_balance_fetched", "level": "info", "timestamp": "2026-04-02T23:02:27.277663Z"}
{"count": 0, "msg": "Falling back to series prefix search", "event": "scanner_curated_thin", "level": "warning", "timestamp": "2026-04-02T23:02:27.278064Z"}
{"fetched": 2, "top_n": 2, "top_ticker": "KXETHD-26APR0220-T2059.99", "top_volume": 60.0, "event": "scanner_complete", "level": "info", "timestamp": "2026-04-02T23:02:27.373698Z"}
{"ticker": "KXETHD-26APR0220-T2059.99", "event": "analyst_calling_claude", "level": "info", "timestamp": "2026-04-02T23:02:27.541148Z"}
{"ticker": "KXETHD-26APR0220-T2059.99", "prob": 0.45, "confidence": 0.25, "sensitivity": "low", "event": "analyst_result", "level": "info", "timestamp": "2026-04-02T23:02:30.927509Z"}
{"signal": "BUY_YES", "edge": 0.035, "odds": 1.4096, "kelly": 0.0248, "size_usd": 1.0, "event": "sizing_computed", "level": "info", "timestamp": "2026-04-02T23:02:30.928090Z"}
{"ticker": "KXETHD-26APR0220-T2059.99", "signal": "BUY_YES", "market_price": 0.415, "prob_yes": 0.45, "edge": 0.03500000000000003, "event": "decision_made", "level": "info", "timestamp": "2026-04-02T23:02:30.928189Z"}
{"signal": "BUY_YES", "edge": 0.035, "odds": 1.4096, "kelly": 0.0248, "size_usd": 1.0, "event": "sizing_computed", "level": "info", "timestamp": "2026-04-02T23:02:30.928337Z"}
{"ticker": "KXETHD-26APR0220-T2059.99", "reason": "edge +0.035 < min 0.050", "event": "risk_gate_rejected", "level": "info", "timestamp": "2026-04-02T23:02:30.928560Z"}
{"ticker": "KXSOLD-26APR0220-T78.9999", "event": "analyst_calling_claude", "level": "info", "timestamp": "2026-04-02T23:02:31.270650Z"}
{"ticker": "KXSOLD-26APR0220-T78.9999", "prob": 0.25, "confidence": 0.3, "sensitivity": "low", "event": "analyst_result", "level": "info", "timestamp": "2026-04-02T23:02:35.363957Z"}
{"ticker": "KXSOLD-26APR0220-T78.9999", "signal": "BUY_NO", "market_price": 0.51, "prob_yes": 0.25, "edge": -0.26, "event": "decision_made", "level": "info", "timestamp": "2026-04-02T23:02:35.364325Z"}
{"signal": "BUY_NO", "edge": 0.26, "odds": 1.0408, "kelly": 0.2498, "size_usd": 1.0, "event": "sizing_computed", "level": "info", "timestamp": "2026-04-02T23:02:35.364564Z"}
{"ticker": "KXSOLD-26APR0220-T78.9999", "reason": "edge -0.260 < min 0.050", "event": "risk_gate_rejected", "level": "info", "timestamp": "2026-04-02T23:02:35.364727Z"}
{"value": 10.0, "event": "portfolio_balance_fetched", "level": "info", "timestamp": "2026-04-02T23:03:35.503682Z"}
{"count": 0, "msg": "Falling back to series prefix search", "event": "scanner_curated_thin", "level": "warning", "timestamp": "2026-04-02T23:03:35.504311Z"}
{"fetched": 2, "top_n": 2, "top_ticker": "KXETHD-26APR0220-T2059.99", "top_volume": 76.0, "event": "scanner_complete", "level": "info", "timestamp": "2026-04-02T23:03:35.632784Z"}
{"ticker": "KXETHD-26APR0220-T2059.99", "event": "analyst_calling_claude", "level": "info", "timestamp": "2026-04-02T23:03:35.811509Z"}
{"ticker": "KXETHD-26APR0220-T2059.99", "prob": 0.35, "confidence": 0.25, "sensitivity": "low", "event": "analyst_result", "level": "info", "timestamp": "2026-04-02T23:03:39.115085Z"}
{"ticker": "KXETHD-26APR0220-T2059.99", "signal": "BUY_NO", "market_price": 0.41, "prob_yes": 0.35, "edge": -0.06, "event": "decision_made", "level": "info", "timestamp": "2026-04-02T23:03:39.115512Z"}
{"signal": "BUY_NO", "edge": 0.06, "odds": 0.6949, "kelly": 0.0863, "size_usd": 1.0, "event": "sizing_computed", "level": "info", "timestamp": "2026-04-02T23:03:39.116732Z"}
{"ticker": "KXETHD-26APR0220-T2059.99", "reason": "edge -0.060 < min 0.050", "event": "risk_gate_rejected", "level": "info", "timestamp": "2026-04-02T23:03:39.118111Z"}
{"ticker": "KXSOLD-26APR0220-T78.9999", "event": "analyst_calling_claude", "level": "info", "timestamp": "2026-04-02T23:03:39.470067Z"}
{"ticker": "KXSOLD-26APR0220-T78.9999", "prob": 0.25, "confidence": 0.3, "sensitivity": "low", "event": "analyst_result", "level": "info", "timestamp": "2026-04-02T23:03:43.675506Z"}
{"ticker": "KXSOLD-26APR0220-T78.9999", "signal": "BUY_NO", "market_price": 0.51, "prob_yes": 0.25, "edge": -0.26, "event": "decision_made", "level": "info", "timestamp": "2026-04-02T23:03:43.675789Z"}
{"signal": "BUY_NO", "edge": 0.26, "odds": 1.0408, "kelly": 0.2498, "size_usd": 1.0, "event": "sizing_computed", "level": "info", "timestamp": "2026-04-02T23:03:43.675958Z"}
{"ticker": "KXSOLD-26APR0220-T78.9999", "reason": "edge -0.260 < min 0.050", "event": "risk_gate_rejected", "level": "info", "timestamp": "2026-04-02T23:03:43.676099Z"}
{"value": 10.0, "event": "portfolio_balance_fetched", "level": "info", "timestamp": "2026-04-02T23:04:43.836375Z"}
{"count": 0, "msg": "Falling back to series prefix search", "event": "scanner_curated_thin", "level": "warning", "timestamp": "2026-04-02T23:04:43.836740Z"}
{"fetched": 2, "top_n": 2, "top_ticker": "KXETHD-26APR0220-T2059.99", "top_volume": 76.0, "event": "scanner_complete", "level": "info", "timestamp": "2026-04-02T23:04:43.969831Z"}
{"ticker": "KXETHD-26APR0220-T2059.99", "event": "analyst_calling_claude", "level": "info", "timestamp": "2026-04-02T23:04:44.508223Z"}
{"ticker": "KXETHD-26APR0220-T2059.99", "prob": 0.42, "confidence": 0.25, "sensitivity": "low", "event": "analyst_result", "level": "info", "timestamp": "2026-04-02T23:04:48.226929Z"}
{"signal": "BUY_YES", "edge": 0.01, "odds": 1.439, "kelly": 0.0069, "size_usd": 1.0, "event": "sizing_computed", "level": "info", "timestamp": "2026-04-02T23:04:48.227243Z"}
{"ticker": "KXETHD-26APR0220-T2059.99", "signal": "BUY_YES", "market_price": 0.41, "prob_yes": 0.42, "edge": 0.010000000000000009, "event": "decision_made", "level": "info", "timestamp": "2026-04-02T23:04:48.227313Z"}
{"signal": "BUY_YES", "edge": 0.01, "odds": 1.439, "kelly": 0.0069, "size_usd": 1.0, "event": "sizing_computed", "level": "info", "timestamp": "2026-04-02T23:04:48.227438Z"}
{"ticker": "KXETHD-26APR0220-T2059.99", "reason": "edge +0.010 < min 0.050", "event": "risk_gate_rejected", "level": "info", "timestamp": "2026-04-02T23:04:48.227558Z"}
{"ticker": "KXSOLD-26APR0220-T78.9999", "event": "analyst_calling_claude", "level": "info", "timestamp": "2026-04-02T23:04:48.384035Z"}
{"ticker": "KXSOLD-26APR0220-T78.9999", "prob": 0.15, "confidence": 0.3, "sensitivity": "low", "event": "analyst_result", "level": "info", "timestamp": "2026-04-02T23:04:52.230007Z"}
{"ticker": "KXSOLD-26APR0220-T78.9999", "signal": "BUY_NO", "market_price": 0.49, "prob_yes": 0.15, "edge": -0.33999999999999997, "event": "decision_made", "level": "info", "timestamp": "2026-04-02T23:04:52.230263Z"}
{"signal": "BUY_NO", "edge": 0.34, "odds": 0.9608, "kelly": 0.3539, "size_usd": 1.0, "event": "sizing_computed", "level": "info", "timestamp": "2026-04-02T23:04:52.230426Z"}
{"ticker": "KXSOLD-26APR0220-T78.9999", "reason": "edge -0.340 < min 0.050", "event": "risk_gate_rejected", "level": "info", "timestamp": "2026-04-02T23:04:52.230575Z"}
{"total": 50, "short_duration": 6, "event": "gap_detector_contracts_refreshed", "level": "info", "timestamp": "2026-04-02T23:05:20.507740Z"}
{"value": 10.0, "event": "portfolio_balance_fetched", "level": "info", "timestamp": "2026-04-02T23:05:52.362251Z"}
{"count": 0, "msg": "Falling back to series prefix search", "event": "scanner_curated_thin", "level": "warning", "timestamp": "2026-04-02T23:05:52.362587Z"}
{"fetched": 2, "top_n": 2, "top_ticker": "KXETHD-26APR0220-T2059.99", "top_volume": 227.0, "event": "scanner_complete", "level": "info", "timestamp": "2026-04-02T23:05:52.461305Z"}
{"ticker": "KXETHD-26APR0220-T2059.99", "event": "analyst_calling_claude", "level": "info", "timestamp": "2026-04-02T23:05:52.616128Z"}
{"ticker": "KXETHD-26APR0220-T2059.99", "prob": 0.52, "confidence": 0.3, "sensitivity": "low", "event": "analyst_result", "level": "info", "timestamp": "2026-04-02T23:05:56.177499Z"}
{"signal": "BUY_YES", "edge": 0.035, "odds": 1.0619, "kelly": 0.033, "size_usd": 1.0, "event": "sizing_computed", "level": "info", "timestamp": "2026-04-02T23:05:56.177845Z"}
{"ticker": "KXETHD-26APR0220-T2059.99", "signal": "BUY_YES", "market_price": 0.485, "prob_yes": 0.52, "edge": 0.03500000000000003, "event": "decision_made", "level": "info", "timestamp": "2026-04-02T23:05:56.177914Z"}
{"signal": "BUY_YES", "edge": 0.035, "odds": 1.0619, "kelly": 0.033, "size_usd": 1.0, "event": "sizing_computed", "level": "info", "timestamp": "2026-04-02T23:05:56.178047Z"}
{"ticker": "KXETHD-26APR0220-T2059.99", "reason": "edge +0.035 < min 0.050", "event": "risk_gate_rejected", "level": "info", "timestamp": "2026-04-02T23:05:56.178223Z"}
{"ticker": "KXSOLD-26APR0220-T78.9999", "event": "analyst_calling_claude", "level": "info", "timestamp": "2026-04-02T23:05:56.339595Z"}
{"ticker": "KXSOLD-26APR0220-T78.9999", "prob": 0.25, "confidence": 0.3, "sensitivity": "low", "event": "analyst_result", "level": "info", "timestamp": "2026-04-02T23:05:59.927375Z"}
{"ticker": "KXSOLD-26APR0220-T78.9999", "signal": "BUY_NO", "market_price": 0.505, "prob_yes": 0.25, "edge": -0.255, "event": "decision_made", "level": "info", "timestamp": "2026-04-02T23:05:59.927615Z"}
{"signal": "BUY_NO", "edge": 0.255, "odds": 1.0202, "kelly": 0.25, "size_usd": 1.0, "event": "sizing_computed", "level": "info", "timestamp": "2026-04-02T23:05:59.927771Z"}
{"ticker": "KXSOLD-26APR0220-T78.9999", "reason": "edge -0.255 < min 0.050", "event": "risk_gate_rejected", "level": "info", "timestamp": "2026-04-02T23:05:59.927892Z"}
{"value": 10.0, "event": "portfolio_balance_fetched", "level": "info", "timestamp": "2026-04-02T23:07:00.075804Z"}
{"count": 0, "msg": "Falling back to series prefix search", "event": "scanner_curated_thin", "level": "warning", "timestamp": "2026-04-02T23:07:00.076113Z"}
{"fetched": 2, "top_n": 2, "top_ticker": "KXETHD-26APR0220-T2059.99", "top_volume": 309.0, "event": "scanner_complete", "level": "info", "timestamp": "2026-04-02T23:07:00.179541Z"}
{"ticker": "KXETHD-26APR0220-T2059.99", "event": "analyst_calling_claude", "level": "info", "timestamp": "2026-04-02T23:07:00.587215Z"}
{"ticker": "KXETHD-26APR0220-T2059.99", "prob": 0.45, "confidence": 0.3, "sensitivity": "low", "event": "analyst_result", "level": "info", "timestamp": "2026-04-02T23:07:04.203951Z"}
{"ticker": "KXETHD-26APR0220-T2059.99", "signal": "BUY_NO", "market_price": 0.56, "prob_yes": 0.45, "edge": 0.1100000000000001, "event": "decision_made", "level": "info", "timestamp": "2026-04-02T23:07:04.204196Z"}
{"signal": "BUY_NO", "edge": 0.11, "odds": 1.2727, "kelly": 0.0864, "size_usd": 1.0, "event": "sizing_computed", "level": "info", "timestamp": "2026-04-02T23:07:04.204384Z"}
{"ticker": "KXETHD-26APR0220-T2059.99", "edge": 0.1100000000000001, "event": "risk_gate_approved", "level": "info", "timestamp": "2026-04-02T23:07:04.209336Z"}
/Users/jackson/kalshi-bot/main.py:185: DeprecationWarning: datetime.datetime.utcnow() is deprecated and scheduled for removal in a future version. Use timezone-aware objects to represent datetimes in UTC: datetime.datetime.now(datetime.UTC).
  "client_order_id": f"bot_{market.ticker}_{int(datetime.utcnow().timestamp())}",
{"method": "POST", "path": "portfolio/orders", "attempt": 0, "error": "401, message='Unauthorized', url='https://api.elections.kalshi.com/trade-api/v2/portfolio/orders'", "event": "kalshi_request_error", "level": "warning", "timestamp": "2026-04-02T23:07:04.268283Z"}
{"method": "POST", "path": "portfolio/orders", "attempt": 1, "error": "401, message='Unauthorized', url='https://api.elections.kalshi.com/trade-api/v2/portfolio/orders'", "event": "kalshi_request_error", "level": "warning", "timestamp": "2026-04-02T23:07:04.815551Z"}
{"method": "POST", "path": "portfolio/orders", "attempt": 2, "error": "401, message='Unauthorized', url='https://api.elections.kalshi.com/trade-api/v2/portfolio/orders'", "event": "kalshi_request_error", "level": "warning", "timestamp": "2026-04-02T23:07:05.868632Z"}
{"method": "POST", "path": "portfolio/orders", "attempt": 3, "error": "401, message='Unauthorized', url='https://api.elections.kalshi.com/trade-api/v2/portfolio/orders'", "event": "kalshi_request_error", "level": "warning", "timestamp": "2026-04-02T23:07:07.911350Z"}
{"ticker": "KXETHD-26APR0220-T2059.99", "error": "401, message='Unauthorized', url='https://api.elections.kalshi.com/trade-api/v2/portfolio/orders'", "event": "live_order_failed", "level": "error", "timestamp": "2026-04-02T23:07:11.913210Z"}
{"ticker": "KXSOLD-26APR0220-T78.9999", "event": "analyst_calling_claude", "level": "info", "timestamp": "2026-04-02T23:07:12.275688Z"}
{"ticker": "KXSOLD-26APR0220-T78.9999", "prob": 0.25, "confidence": 0.3, "sensitivity": "low", "event": "analyst_result", "level": "info", "timestamp": "2026-04-02T23:07:15.889507Z"}
{"ticker": "KXSOLD-26APR0220-T78.9999", "signal": "BUY_NO", "market_price": 0.495, "prob_yes": 0.25, "edge": -0.245, "event": "decision_made", "level": "info", "timestamp": "2026-04-02T23:07:15.890566Z"}
{"signal": "BUY_NO", "edge": 0.245, "odds": 0.9802, "kelly": 0.2499, "size_usd": 1.0, "event": "sizing_computed", "level": "info", "timestamp": "2026-04-02T23:07:15.890680Z"}
{"ticker": "KXSOLD-26APR0220-T78.9999", "reason": "edge -0.245 < min 0.050", "event": "risk_gate_rejected", "level": "info", "timestamp": "2026-04-02T23:07:15.890746Z"}
{"value": 10.0, "event": "portfolio_balance_fetched", "level": "info", "timestamp": "2026-04-02T23:08:15.992195Z"}
{"count": 0, "msg": "Falling back to series prefix search", "event": "scanner_curated_thin", "level": "warning", "timestamp": "2026-04-02T23:08:15.992498Z"}
{"fetched": 2, "top_n": 2, "top_ticker": "KXETHD-26APR0220-T2059.99", "top_volume": 421.0, "event": "scanner_complete", "level": "info", "timestamp": "2026-04-02T23:08:16.095905Z"}
{"ticker": "KXETHD-26APR0220-T2059.99", "event": "analyst_calling_claude", "level": "info", "timestamp": "2026-04-02T23:08:17.222074Z"}
{"ticker": "KXETHD-26APR0220-T2059.99", "prob": 0.52, "confidence": 0.25, "sensitivity": "low", "event": "analyst_result", "level": "info", "timestamp": "2026-04-02T23:08:20.592628Z"}
{"signal": "BUY_YES", "edge": 0.055, "odds": 1.1505, "kelly": 0.0478, "size_usd": 1.0, "event": "sizing_computed", "level": "info", "timestamp": "2026-04-02T23:08:20.593207Z"}
{"ticker": "KXETHD-26APR0220-T2059.99", "signal": "BUY_YES", "market_price": 0.465, "prob_yes": 0.52, "edge": 0.05499999999999999, "event": "decision_made", "level": "info", "timestamp": "2026-04-02T23:08:20.593337Z"}
{"signal": "BUY_YES", "edge": 0.055, "odds": 1.1505, "kelly": 0.0478, "size_usd": 1.0, "event": "sizing_computed", "level": "info", "timestamp": "2026-04-02T23:08:20.593543Z"}
{"ticker": "KXETHD-26APR0220-T2059.99", "edge": 0.05499999999999999, "event": "risk_gate_approved", "level": "info", "timestamp": "2026-04-02T23:08:20.600839Z"}
{"method": "POST", "path": "portfolio/orders", "attempt": 0, "error": "401, message='Unauthorized', url='https://api.elections.kalshi.com/trade-api/v2/portfolio/orders'", "event": "kalshi_request_error", "level": "warning", "timestamp": "2026-04-02T23:08:20.635990Z"}
{"method": "POST", "path": "portfolio/orders", "attempt": 1, "error": "401, message='Unauthorized', url='https://api.elections.kalshi.com/trade-api/v2/portfolio/orders'", "event": "kalshi_request_error", "level": "warning", "timestamp": "2026-04-02T23:08:21.170896Z"}
{"method": "POST", "path": "portfolio/orders", "attempt": 2, "error": "401, message='Unauthorized', url='https://api.elections.kalshi.com/trade-api/v2/portfolio/orders'", "event": "kalshi_request_error", "level": "warning", "timestamp": "2026-04-02T23:08:22.206718Z"}
{"method": "POST", "path": "portfolio/orders", "attempt": 3, "error": "401, message='Unauthorized', url='https://api.elections.kalshi.com/trade-api/v2/portfolio/orders'", "event": "kalshi_request_error", "level": "warning", "timestamp": "2026-04-02T23:08:24.249024Z"}
{"ticker": "KXETHD-26APR0220-T2059.99", "error": "401, message='Unauthorized', url='https://api.elections.kalshi.com/trade-api/v2/portfolio/orders'", "event": "live_order_failed", "level": "error", "timestamp": "2026-04-02T23:08:28.251149Z"}
{"ticker": "KXSOLD-26APR0220-T78.9999", "event": "analyst_calling_claude", "level": "info", "timestamp": "2026-04-02T23:08:28.425408Z"}
{"ticker": "KXSOLD-26APR0220-T78.9999", "prob": 0.15, "confidence": 0.3, "sensitivity": "low", "event": "analyst_result", "level": "info", "timestamp": "2026-04-02T23:08:31.789902Z"}
{"ticker": "KXSOLD-26APR0220-T78.9999", "signal": "BUY_NO", "market_price": 0.495, "prob_yes": 0.15, "edge": -0.345, "event": "decision_made", "level": "info", "timestamp": "2026-04-02T23:08:31.790409Z"}
{"signal": "BUY_NO", "edge": 0.345, "odds": 0.9802, "kelly": 0.352, "size_usd": 1.0, "event": "sizing_computed", "level": "info", "timestamp": "2026-04-02T23:08:31.791149Z"}
{"ticker": "KXSOLD-26APR0220-T78.9999", "reason": "edge -0.345 < min 0.050", "event": "risk_gate_rejected", "level": "info", "timestamp": "2026-04-02T23:08:31.791339Z"}
{"value": 10.0, "event": "portfolio_balance_fetched", "level": "info", "timestamp": "2026-04-02T23:09:31.940639Z"}
{"count": 0, "msg": "Falling back to series prefix search", "event": "scanner_curated_thin", "level": "warning", "timestamp": "2026-04-02T23:09:31.940995Z"}
{"fetched": 2, "top_n": 2, "top_ticker": "KXETHD-26APR0220-T2059.99", "top_volume": 498.0, "event": "scanner_complete", "level": "info", "timestamp": "2026-04-02T23:09:32.034544Z"}
{"ticker": "KXETHD-26APR0220-T2059.99", "event": "analyst_calling_claude", "level": "info", "timestamp": "2026-04-02T23:09:32.221708Z"}
{"ticker": "KXETHD-26APR0220-T2059.99", "prob": 0.35, "confidence": 0.25, "sensitivity": "low", "event": "analyst_result", "level": "info", "timestamp": "2026-04-02T23:09:36.024535Z"}
{"signal": "BUY_YES", "edge": 0.02, "odds": 2.0303, "kelly": 0.0099, "size_usd": 1.0, "event": "sizing_computed", "level": "info", "timestamp": "2026-04-02T23:09:36.028549Z"}
{"ticker": "KXETHD-26APR0220-T2059.99", "signal": "BUY_YES", "market_price": 0.33, "prob_yes": 0.35, "edge": 0.019999999999999962, "event": "decision_made", "level": "info", "timestamp": "2026-04-02T23:09:36.028939Z"}
{"signal": "BUY_YES", "edge": 0.02, "odds": 2.0303, "kelly": 0.0099, "size_usd": 1.0, "event": "sizing_computed", "level": "info", "timestamp": "2026-04-02T23:09:36.029069Z"}
{"ticker": "KXETHD-26APR0220-T2059.99", "reason": "edge +0.020 < min 0.050", "event": "risk_gate_rejected", "level": "info", "timestamp": "2026-04-02T23:09:36.029213Z"}
{"ticker": "KXSOLD-26APR0220-T78.9999", "event": "analyst_calling_claude", "level": "info", "timestamp": "2026-04-02T23:09:36.312428Z"}
{"ticker": "KXSOLD-26APR0220-T78.9999", "prob": 0.15, "confidence": 0.3, "sensitivity": "low", "event": "analyst_result", "level": "info", "timestamp": "2026-04-02T23:09:39.831600Z"}
{"ticker": "KXSOLD-26APR0220-T78.9999", "signal": "BUY_NO", "market_price": 0.505, "prob_yes": 0.15, "edge": -0.355, "event": "decision_made", "level": "info", "timestamp": "2026-04-02T23:09:39.832106Z"}
{"signal": "BUY_NO", "edge": 0.355, "odds": 1.0202, "kelly": 0.348, "size_usd": 1.0, "event": "sizing_computed", "level": "info", "timestamp": "2026-04-02T23:09:39.832382Z"}
{"ticker": "KXSOLD-26APR0220-T78.9999", "reason": "edge -0.355 < min 0.050", "event": "risk_gate_rejected", "level": "info", "timestamp": "2026-04-02T23:09:39.832658Z"}
{"total": 50, "short_duration": 6, "event": "gap_detector_contracts_refreshed", "level": "info", "timestamp": "2026-04-02T23:10:20.961630Z"}
